[wearestokt.com/index.html]
[backblue.gif]
[fade.gif]
[index.html]
[fonts.gstatic.com/s/notosansmono/v37/BngrUXNETWXI6LwhGYvaxZikqZqK6fBq6kPvUce2oAZcdthSBUsYck4-_GFJ09DdVXQQ.woff2]
[fonts.gstatic.com/s/notosansmono/v37/BngrUXNETWXI6LwhGYvaxZikqZqK6fBq6kPvUce2oAZcdthSBUsYck4-_GFJ09ndVXQQ.woff2]
[fonts.gstatic.com/s/notosansmono/v37/BngrUXNETWXI6LwhGYvaxZikqZqK6fBq6kPvUce2oAZcdthSBUsYck4-_GFJ09HdVXQQ.woff2]
[fonts.gstatic.com/s/notosansmono/v37/BngrUXNETWXI6LwhGYvaxZikqZqK6fBq6kPvUce2oAZcdthSBUsYck4-_GFJ097dVXQQ.woff2]
[fonts.gstatic.com/s/notosansmono/v37/BngrUXNETWXI6LwhGYvaxZikqZqK6fBq6kPvUce2oAZcdthSBUsYck4-_GFJ09LdVXQQ.woff2]
[fonts.gstatic.com/s/notosansmono/v37/BngrUXNETWXI6LwhGYvaxZikqZqK6fBq6kPvUce2oAZcdthSBUsYck4-_GFJ09PdVXQQ.woff2]
[fonts.gstatic.com/s/notosansmono/v37/BngrUXNETWXI6LwhGYvaxZikqZqK6fBq6kPvUce2oAZcdthSBUsYck4-_GFJ093dVQ.woff2]
[wearestokt.com/index.html]
[events.framer.com/script5e1f]
[fonts.gstatic.com/index.html]
[www.framer.com/@wearestokt/index.html]
[www.framer.com/creators-assets/_next/static/immutable/chunks/2mvqiq08w_h0e.css]
[www.framer.com/creators-assets/_next/static/immutable/chunks/073y__cncog05.css]
[www.framer.com/creators-assets/_next/static/immutable/chunks/1t_8mo97j9ig9.css]
[www.framer.com/creators-assets/_next/static/immutable/chunks/2lp5ygy_m95d1.css]
[www.framer.com/creators-assets/_next/static/immutable/chunks/3lwu1iotamzsh.css]
[www.framer.com/creators-assets/_next/static/immutable/chunks/00pz0zdwbzm4m.css]
[www.framer.com/creators-assets/_next/static/immutable/chunks/0ci4_t_zg2w59.css]
[www.framer.com/creators-assets/_next/static/immutable/chunks/3877pnsgb37c8.css]
[www.framer.com/creators-assets/_next/static/immutable/chunks/2rfliwk5cy26_.css]
[www.framer.com/creators-assets/_next/static/immutable/chunks/33hk33dmmkf62.js]
[www.framer.com/creators-assets/_next/static/immutable/chunks/23-v8_fnlh5mj.js]
[www.framer.com/creators-assets/_next/static/immutable/chunks/3xjnh_uwzu2br.js]
[www.framer.com/creators-assets/_next/static/immutable/chunks/0vg3w39j-mglz.js]
[www.framer.com/creators-assets/_next/static/immutable/chunks/2hy63c9uu84cc.js]
[www.framer.com/creators-assets/_next/static/immutable/chunks/turbopack-3kinxitxm4-ms.js]
[www.framer.com/creators-assets/_next/static/immutable/chunks/16d0e6blr3zvd.js]
[www.framer.com/creators-assets/_next/static/immutable/chunks/3jpuro209qqra.js]
[www.framer.com/creators-assets/_next/static/immutable/chunks/2ul6havqzfm41.js]
[www.framer.com/creators-assets/_next/static/immutable/chunks/0c6romi9ma0is.js]
[www.framer.com/creators-assets/_next/static/immutable/chunks/1jubx4t_1hq7l.js]
[www.framer.com/creators-assets/_next/static/immutable/chunks/30hhj9fl_j_en.js]
[www.framer.com/creators-assets/_next/static/immutable/chunks/2ouyrs2yz196q.js]
[www.framer.com/creators-assets/_next/static/immutable/chunks/39481j2odaxn7.js]
[www.framer.com/creators-assets/_next/static/immutable/chunks/173dxw--rkuza.js]
[www.framer.com/creators-assets/_next/static/immutable/chunks/33adfll0sgxzj.js]
[www.framer.com/creators-assets/_next/static/immutable/chunks/2504rifrkrd_l.js]
[www.framer.com/creators-assets/_next/static/immutable/chunks/3orcs6a8eyfvz.js]
[www.framer.com/creators-assets/_next/static/immutable/chunks/14pxn0b6e1dc9.js]
[www.framer.com/creators-assets/_next/static/immutable/chunks/3n0g19afc7srh.js]
[www.framer.com/creators-assets/_next/static/immutable/chunks/41zrh_r6fdtfq.js]
[www.framer.com/creators-assets/_next/static/immutable/chunks/120zfy8hqrcwf.js]
[www.framer.com/creators-assets/_next/static/immutable/chunks/1_2vu9p6mra4j.js]
[www.framer.com/creators-assets/_next/static/immutable/chunks/3zq_69yv5l6lg.js]
[www.framer.com/creators-assets/_next/static/immutable/chunks/3-tcb9ouhlqkm.js]
[www.framer.com/creators-assets/_next/static/immutable/chunks/37uei1iwbnu3m.js]
[www.framer.com/creators-assets/_next/static/immutable/chunks/17w9c6wazundy.js]
[www.framer.com/creators-assets/_next/static/immutable/chunks/1u1uuj9mj0hoo.js]
[www.framer.com/creators-assets/_next/static/immutable/chunks/1fo1h_o5odhhk.js]
[www.framer.com/creators-assets/_next/static/immutable/chunks/102lphbyhyqtr.js]
[www.framer.com/creators-assets/_next/static/immutable/chunks/3o3dwck1w1ue6.js]
[www.framer.com/creators-assets/_next/static/immutable/chunks/1zpmt8l695i6d.js]
[www.framer.com/creators-assets/_next/static/immutable/chunks/44oc0x6k7mw-i.js]
[www.framer.com/creators-assets/_next/static/immutable/chunks/3o1z26bd2_9eh.js]
[www.framer.com/creators-assets/_next/static/immutable/chunks/2rwbpl35w01v4.js]
[www.framer.com/creators-assets/_next/static/immutable/chunks/19-jcjdymr-fa.js]
[www.framer.com/creators-assets/_next/static/immutable/chunks/19r4rf2zyng-y.js]
[www.framer.com/creators-assets/_next/static/immutable/chunks/1p31g3z3kho5v.js]
[www.framer.com/creators-assets/_next/static/immutable/chunks/2qeyp4zfa4qwb.js]
[www.framer.com/creators-assets/_next/static/immutable/chunks/3sj_xp-v1_jxx.js]
[www.framer.com/creators-assets/_next/static/immutable/chunks/2njnkxjf39nsf.js]
[www.framer.com/creators-assets/_next/static/immutable/chunks/0ph1ht6wvel_v.js]
[www.framer.com/creators-assets/_next/static/immutable/chunks/2zfre20tirh12.js]
[www.framer.com/creators-assets/_next/static/immutable/chunks/05i2jce8amocn.js]
[www.framer.com/creators-assets/_next/static/immutable/chunks/0v-er0xp5q011.js]
[www.framer.com/creators-assets/_next/static/immutable/chunks/3ngfatk332u55.js]
[www.framer.com/creators-assets/_next/static/immutable/chunks/2f7pw7tsjdcfj.js]
[www.framer.com/creators-assets/_next/static/immutable/chunks/3n7gyrkmgib-i.js]
[www.framer.com/creators-assets/_next/static/immutable/chunks/2rels85t0q-i_.js]
[www.framer.com/creators-assets/_next/static/immutable/chunks/1xujuemq1bul0.js]
[www.framer.com/creators-assets/_next/static/immutable/chunks/1dolxocfoekjm.js]
[www.framer.com/creators-assets/_next/static/immutable/chunks/1iu5fxeh6hwhw.js]
[www.framer.com/creators-assets/_next/static/immutable/chunks/0nyi8bp-kszri.js]
[www.framer.com/creators-assets/_next/static/immutable/chunks/27acp9oagqjxy.js]
[www.framer.com/creators-assets/_next/static/immutable/chunks/0c0hxoamwjsbw.js]
[www.framer.com/creators/community-sprite.svg]
[www.framer.com/@wearestokt/FramerElectron/index.html]
[www.framer.com/community/hype/index.html]
[www.framer.com/community/feed/index.html]
[www.framer.com/community/manifest.webmanifest]
[www.framer.com/community/experts/index.html]
[www.framer.com/creators/seo/favicon-light.png]
[www.framer.com/contact/index.html]
[www.framer.com/community/gallery/index.html]
[www.framer.com/creators/seo/favicon-dark.png]
[www.framer.com/creators/seo/community-install-ios-180.png]
[www.framer.com/creators/layout/default-avatar-square.png]
[www.framer.com/@wearestokt/index.html]
[www.framer.com/creators-assets/_next/image/indexa93c.html]
[www.framer.com/@wearestokt/indexa3d4.html]
[www.framer.com/@wearestokt/index658d.html]
[www.framer.com/creators-assets/_next/static/immutable/chunks/2mvqiq08w_h0e.css]
[www.framer.com/@wearestokt/indexc07c.html]
[www.framer.com/community/posts/Qr9RqMycY4tgm6xLyuJDdq/index.html]
[www.framer.com/creators-assets/_next/static/immutable/media/Inter_Variable-s.p.2v4uvb3i5caxn.woff2]
[www.framer.com/community/posts/Jsh4RM7Urt4JDVS8K4m846/index.html]
[www.framer.com/creators-assets/_next/image/indexf32b.html]
[www.framer.com/creators-assets/_next/static/immutable/media/Inter_Variable_Italic-s.p.44o28jqvv04m6.53.delayed]
[www.framer.com/creators-assets/_next/image/index8940.html]
[www.framer.com/community/posts/3dsVaSvjd6dUZ3ESV1e1fw/index.html]
[www.framer.com/creators-assets/_next/static/immutable/chunks/073y__cncog05.css]
[www.framer.com/community/posts/N8YeBfZdxq8wY3ykcVefQk/index.html]
[www.framer.com/community/posts/EgNQQJnn15wjGYix9SjDVo/index.html]
[www.framer.com/creators-assets/_next/static/immutable/media/InterDisplay_SemiBold-s.p.0kosapxib8nox.woff2]
[www.framer.com/community/posts/NhiJ12J8iSruGQnEmv38zu/index.html]
[www.framer.com/creators-assets/_next/image/indexb7b6.html]
[www.framer.com/creators-assets/_next/static/immutable/media/JetBrainsMono_Medium-s.p.1rvf60ypyk9mv.woff2]
[www.framer.com/creators-assets/_next/static/immutable/media/JetBrainsMono_MediumItalic-s.p.0-7i9z390r_tb.woff2]
[www.framer.com/community/gallery/broadway-venture-partners/index.html]
[www.framer.com/community/posts/6sMs5cXLX7ctYTsB3hQ5kZ/index.html]
[www.framer.com/creators-assets/_next/static/immutable/media/GT_Walsheim_Regular-s.p.0xw2fp4ygfbqz.woff2]
[www.framer.com/community/posts/HFLYsuNYS97HuBkn52SfS2/index.html]
[www.framer.com/creators-assets/_next/image/indexfe33.html]
[www.framer.com/creators-assets/_next/static/immutable/media/GT_Walsheim_Medium-s.p.16euuzc__2r_-.woff2]
[www.framer.com/creators-assets/_next/static/immutable/chunks/1t_8mo97j9ig9.css]
[www.framer.com/creators-assets/_next/image/index1361.html]
[www.framer.com/creators-assets/_next/static/immutable/chunks/2lp5ygy_m95d1.css]
[www.framer.com/community/posts/8CksPnx1XRnr6d4oanMrMN/index.html]
[www.framer.com/marketplace/plugins/stream-bunny/index.html]
[www.framer.com/creators-assets/_next/image/index1983.html]
[www.framer.com/marketplace/templates/index.html]
[www.framer.com/creators/community/logo-gradient.png]
[www.framer.com/creators-assets/_next/image/index3bc9.html]
[www.framer.com/community/gallery/major-media-agency/index.html]
[www.framer.com/creators-assets/_next/static/immutable/chunks/3lwu1iotamzsh.css]
[www.framer.com/creators-assets/_next/static/immutable/chunks/00pz0zdwbzm4m.css]
[www.framer.com/community/posts/65fAgvdxgHobKWDimtgEKx/index.html]
[www.framer.com/creators-assets/_next/static/immutable/chunks/1von9-mh2_fa0.css]
[www.framer.com/creators-assets/_next/image/index5dbf.html]
[www.framer.com/creators-assets/_next/static/immutable/chunks/0ci4_t_zg2w59.css]
[www.framer.com/community/gallery/lorikeet-cx/index.html]
[www.framer.com/creators-assets/_next/static/immutable/chunks/3877pnsgb37c8.css]
[www.framer.com/creators-assets/_next/static/immutable/chunks/2rfliwk5cy26_.css]
[www.framer.com/community/posts/B5oQLpnZyyvVU9duKjezSg/index.html]
[www.framer.com/creators-assets/_next/image/index8a00.html]
[www.framer.com/marketplace/components/solari-board/index.html]
[www.framer.com/community/posts/NNx5Gw8JP2WCofreepevhS/index.html]
[www.framer.com/community/gallery/kastle-ai/index.html]
[www.framer.com/creators-assets/_next/image/index0603.html]
[www.framer.com/community/posts/MbR4Aj9sucdNLB4J1xZtW9/index.html]
[www.framer.com/creators-assets/_next/image/indexf024.html]
[www.framer.com/community/gallery/we-scale-it/index.html]
[www.framer.com/creators-assets/_next/static/immutable/chunks/1k01wk98fz7xw.css]
[www.framer.com/community/posts/CfwmvMiTCXCCdSk3CsLTN4/index.html]
[www.framer.com/creators-assets/_next/static/immutable/chunks/25q8vbao06jva.css]
[www.framer.com/creators-assets/_next/image/index524b.html]
[www.framer.com/community/gallery/st-kt-creative-co/index.html]
[www.framer.com/@wearestokt/FramerElectron/index.html]
[www.framer.com/creators/community-sprite.svg]
[www.framer.com/community/posts/7X2EC1vQsZDMLsbhij4BTV/index.html]
[www.framer.com/community/gallery/nomad-massotherapie/index.html]
[www.framer.com/creators-assets/_next/static/immutable/chunks/1fl8h7iz046a6.css]
[www.framer.com/community/posts/AP5C9KkXHKT9xsAj8XWp6k/index.html]
[www.framer.com/creators-assets/_next/image/index2b66.html]
[www.framer.com/community/gallery/agence-kimfu/index.html]
[www.framer.com/creators-assets/_next/static/immutable/chunks/1m6fx10rf0i8n.css]
[www.framer.com/community/posts/DM8Hec6bJhMyazVawXzPY7/index.html]
[www.framer.com/creators-assets/_next/static/immutable/chunks/43-2_mojmsou8.js]
[www.framer.com/creators-assets/_next/image/indexbf74.html]
[www.framer.com/community/gallery/jeremie-bouchard-director/index.html]
[www.framer.com/creators-assets/_next/static/immutable/chunks/2a2ih70g_hye5.js]
[www.framer.com/community/posts/TZEGnME2wymsoxqe9cW7Nm/index.html]
[www.framer.com/creators-assets/_next/static/immutable/chunks/3l93xzmdld3o3.js]
[www.framer.com/creators-assets/_next/static/immutable/chunks/435qpq6ttgdfk.js]
[www.framer.com/creators-assets/_next/static/immutable/chunks/3jvwfw465qqmy.js]
[www.framer.com/community/feed/index.html]
[www.framer.com/community/feed/FramerElectron/index.html]
[www.framer.com/community/creator/index.html]
[www.framer.com/community/feed/indexb439.html]
[www.framer.com/community/feed/index3f4f.html]
[www.framer.com/creators-assets/_next/static/immutable/chunks/0bfctp-1jdgft.css]
[www.framer.com/creators-assets/_next/image/index44be.html]
[www.framer.com/marketplace/templates/swag/index.html]
[www.framer.com/marketplace/templates/videofolio/index.html]
[www.framer.com/creators-assets/_next/static/immutable/chunks/3a1ggxpr-tm92.css]
[www.framer.com/creators-assets/_next/image/index8b14.html]
[www.framer.com/creators-assets/_next/static/immutable/chunks/05hazywx-xcuh.js]
[www.framer.com/creators-assets/_next/image/indexb9ea.html]
[www.framer.com/marketplace/templates/porto/index.html]
[www.framer.com/marketplace/templates/bartix/index.html]
[www.framer.com/creators-assets/_next/static/immutable/chunks/3-w5jlm5wotuv.js]
[www.framer.com/creators-assets/_next/image/indexc23e.html]
[www.framer.com/creators-assets/_next/image/indexbf79.html]
[www.framer.com/marketplace/templates/tdmaxfolio/index.html]
[www.framer.com/community/hype/index.html]
[www.framer.com/community/hype/FramerElectron/index.html]
[www.framer.com/community/posts/LtsrggauqpNBEBUMKiWdv6/index.html]
[www.framer.com/creators-assets/_next/static/immutable/chunks/1yp3cailuuu84.js]
[www.framer.com/community/experts/index.html]
[www.framer.com/creators-assets/_next/static/immutable/chunks/2nhu_hhqmlquz.js]
[www.framer.com/creators-assets/_next/static/immutable/chunks/3utw_oo49_k6n.css]
[www.framer.com/community/experts/FramerElectron/index.html]
[www.framer.com/creators-assets/_next/static/immutable/chunks/2rn8ri2u5wuca.js]
[www.framer.com/creators-assets/_next/static/immutable/chunks/2p6snucyfb6_0.js]
[www.framer.com/creators-assets/_next/static/immutable/chunks/169pjay1xif06.js]
[www.framer.com/creators-assets/_next/image/indexcf91.html]
[www.framer.com/community/gallery/index.html]
[www.framer.com/community/gallery/FramerElectron/index.html]
[www.framer.com/community/gallery/kynejang-com/index.html]
[www.framer.com/community/gallery/midu-studio-website/index.html]
[www.framer.com/community/gallery/sandracreates-com/index.html]
[www.framer.com/creators-assets/_next/image/indexf715.html]
[www.framer.com/llms.txt]
[fonts.gstatic.com/s/ebgaramond/v33/SlGDmQSNjdsmc35JDF1K5E55YMjF_7DPuGi-6_RkCY9_S6w.woff2]
[www.framer.com/creators-assets/_next/image/index3c9b.html]
[fonts.gstatic.com/s/ebgaramond/v33/SlGDmQSNjdsmc35JDF1K5E55YMjF_7DPuGi-6_RkAI9_S6w.woff2]
[www.framer.com/community/gallery/xhulia/index.html]
[fonts.gstatic.com/s/ebgaramond/v33/SlGDmQSNjdsmc35JDF1K5E55YMjF_7DPuGi-6_RkCI9_S6w.woff2]
[www.framer.com/creators-assets/_next/image/index1d07.html]
[www.framer.com/community/gallery/karolina-hess-my-portfolio/index.html]
[fonts.gstatic.com/s/ebgaramond/v33/SlGDmQSNjdsmc35JDF1K5E55YMjF_7DPuGi-6_RkB49_S6w.woff2]
[fonts.gstatic.com/s/ebgaramond/v33/SlGDmQSNjdsmc35JDF1K5E55YMjF_7DPuGi-6_RkC49_S6w.woff2]
[www.framer.com/community/gallery/concept-artist/index.html]
[www.framer.com/community/gallery/honeymoon-agency/index.html]
[fonts.gstatic.com/s/ebgaramond/v33/SlGDmQSNjdsmc35JDF1K5E55YMjF_7DPuGi-6_RkCo9_S6w.woff2]
[www.framer.com/community/gallery/b-d-new-link-below/index.html]
[www.framer.com/creators-assets/_next/image/indexfe87.html]
[fonts.gstatic.com/s/ebgaramond/v33/SlGDmQSNjdsmc35JDF1K5E55YMjF_7DPuGi-6_RkBI9_.woff2]
[www.framer.com/creators-assets/_next/image/index75f6.html]
[www.framer.com/community/gallery/crazyui/index.html]
[fonts.gstatic.com/s/geist/v5/gyBhhwUxId8gMGYQMKR3pzfaWI_RQuQIl5na-1Q.woff2]
[www.framer.com/community/gallery/bychudy/index.html]
[fonts.gstatic.com/s/geist/v5/gyBhhwUxId8gMGYQMKR3pzfaWI_RQuQInpna-1Q.woff2]
[www.framer.com/community/gallery/rabenrifaie/index.html]
[www.framer.com/community/gallery/zapconnect-2026/index.html]
[fonts.gstatic.com/s/geist/v5/gyBhhwUxId8gMGYQMKR3pzfaWI_RQuQIlZna-1Q.woff2]
[fonts.gstatic.com/s/geist/v5/gyBhhwUxId8gMGYQMKR3pzfaWI_RQuQIlJna-1Q.woff2]
[www.framer.com/creators-assets/_next/image/indexa2ce.html]
[www.framer.com/community/gallery/framer-shortcuts/index.html]
[fonts.gstatic.com/s/geist/v5/gyBhhwUxId8gMGYQMKR3pzfaWI_RQuQImpna.woff2]
[www.framer.com/creators-assets/_next/image/index55c5.html]
[www.framer.com/community/gallery/robin-louw/index.html]
[fonts.gstatic.com/s/intertight/v9/NGSnv5HMAFg6IuGlBNMjxJEL2VmU3NS7Z2mj6AiaVi5SkK8.woff2]
[www.framer.com/community/gallery/metasense/index.html]
[fonts.gstatic.com/s/intertight/v9/NGSnv5HMAFg6IuGlBNMjxJEL2VmU3NS7Z2mj6AiaXy5SkK8.woff2]
[www.framer.com/creators-assets/_next/image/index3665.html]
[www.framer.com/community/gallery/teona-kokhodze/index.html]
[fonts.gstatic.com/s/intertight/v9/NGSnv5HMAFg6IuGlBNMjxJEL2VmU3NS7Z2mj6AiaVy5SkK8.woff2]
[www.framer.com/community/gallery/sarah-zaheer/index.html]
[fonts.gstatic.com/s/intertight/v9/NGSnv5HMAFg6IuGlBNMjxJEL2VmU3NS7Z2mj6AiaWC5SkK8.woff2]
[www.framer.com/creators-assets/_next/image/index98c8.html]
[fonts.gstatic.com/s/intertight/v9/NGSnv5HMAFg6IuGlBNMjxJEL2VmU3NS7Z2mj6AiaVC5SkK8.woff2]
[fonts.gstatic.com/s/intertight/v9/NGSnv5HMAFg6IuGlBNMjxJEL2VmU3NS7Z2mj6AiaVS5SkK8.woff2]
[www.framer.com/community/gallery/heretic/index.html]
[www.framer.com/community/gallery/matthew-encina/index.html]
[fonts.gstatic.com/s/intertight/v9/NGSnv5HMAFg6IuGlBNMjxJEL2VmU3NS7Z2mj6AiaWy5S.woff2]
[www.framer.com/community/gallery/newgenre-studio/index.html]
[www.framer.com/creators-assets/_next/image/index13dc.html]
[www.framer.com/creators-assets/_next/image/index7676.html]
[www.framer.com/community/gallery/resolve-healthware/index.html]
[fonts.gstatic.com/s/monasans/v4/o-0mIpQmx24alC5A4PNB6Ryti20_6n1iPHjcz6L1SoM-jCpoiyDPA-9V6VLKzA.woff2]
[www.framer.com/community/gallery/pinboard/index.html]
[fonts.gstatic.com/s/monasans/v4/o-0mIpQmx24alC5A4PNB6Ryti20_6n1iPHjcz6L1SoM-jCpoiyDPA-9U6VLKzA.woff2]
[www.framer.com/creators-assets/_next/image/indexe063.html]
[www.framer.com/community/gallery/adam-jakubowski/index.html]
[www.framer.com/community/gallery/luxury-clone/index.html]
[fonts.gstatic.com/s/monasans/v4/o-0mIpQmx24alC5A4PNB6Ryti20_6n1iPHjcz6L1SoM-jCpoiyDPA-9a6VI.woff2]
[fonts.gstatic.com/s/spacegrotesk/v22/V8mDoQDjQSkFtoMM3T6r8E7mPb54C-s0.woff2]
[fonts.gstatic.com/s/spacegrotesk/v22/V8mDoQDjQSkFtoMM3T6r8E7mPb94C-s0.woff2]
[www.framer.com/marketplace/components/index.html]
[fonts.gstatic.com/s/spacegrotesk/v22/V8mDoQDjQSkFtoMM3T6r8E7mPbF4Cw.87.delayed]
[www.framer.com/marketplace/plugins/index.html]
[fonts.gstatic.com/s/jetbrainsmono/v24/tDbY2o-flEEny0FZhsfKu5WU4zr3E_BX0PnT8RD8-qxTN1OVgaY.woff2]
[www.framer.com/marketplace/vectors/index.html]
[www.framer.com/performance/index.html]
[fonts.gstatic.com/s/jetbrainsmono/v24/tDbY2o-flEEny0FZhsfKu5WU4zr3E_BX0PnT8RD8-qxTPlOVgaY.woff2]
[www.framer.com/contact/index7939.html]
[fonts.gstatic.com/s/jetbrainsmono/v24/tDbY2o-flEEny0FZhsfKu5WU4zr3E_BX0PnT8RD8-qxTOVOVgaY.woff2]
[fonts.gstatic.com/s/jetbrainsmono/v24/tDbY2o-flEEny0FZhsfKu5WU4zr3E_BX0PnT8RD8-qxTNVOVgaY.woff2]
[fonts.gstatic.com/s/jetbrainsmono/v24/tDbY2o-flEEny0FZhsfKu5WU4zr3E_BX0PnT8RD8-qxTNFOVgaY.woff2]
[fonts.gstatic.com/s/jetbrainsmono/v24/tDbY2o-flEEny0FZhsfKu5WU4zr3E_BX0PnT8RD8-qxTOlOV.woff2]
[fonts.gstatic.com/s/vt323/v18/pxiKyp0ihIEF2isQFJXGdg.woff2]
[fonts.gstatic.com/s/vt323/v18/pxiKyp0ihIEF2isRFJXGdg.woff2]
[fonts.gstatic.com/s/vt323/v18/pxiKyp0ihIEF2isfFJU.woff2]
[fonts.gstatic.com/s/geist/v5/gyByhwUxId8gMHweElSvO5Tc.woff2]
[fonts.gstatic.com/s/geist/v5/gyBhhwUxId8gMGYQMKR3pzfaWI_RruM4mJPby1QNtA.woff2]
[fonts.gstatic.com/s/geist/v5/gyBhhwUxId8gMGYQMKR3pzfaWI_RnOM4mJPby1QNtA.woff2]
[fonts.gstatic.com/s/luxuriousscript/v9/ahcCv9e7yydulT32KZ0rBIoD7DzMg0_Oby1JtYk.woff2]
[www.framer.com/contact/e.95.delayed]
[www.framer.com/contact/o.96.delayed]
[www.framer.com/contact/checkoutUrl.98.delayed]
[www.framer.com/contact/com.99.delayed]
[www.framer.com/contact/url1.9a.delayed]
[www.framer.com/contact/url2.9b.delayed]
[www.framer.com/contact/storeDomain.9c.delayed]
[www.framer.com/index.html]
[www.framer.com/enterprise/index.html]
[www.framer.com/pricing.html]
[www.framer.com/brand.html]
[www.framer.com/developers/comparison.html]
[www.framer.com/developers/index.html]
[www.framer.com/developers/faq.html]
[www.framer.com/developers/plugins-introduction.html]
[www.framer.com/developers/plugins-quick-start.html]
[www.framer.com/developers/publishing.html]
[www.framer.com/developers/changelog.html]
[www.framer.com/developers/reference.html]
[www.framer.com/developers/server-api-introduction.html]
[www.framer.com/developers/server-api-quick-start.html]
[www.framer.com/developers/server-api-reference.html]
[www.framer.com/developers/server-api-faq.html]
[www.framer.com/developers/fetch-introduction.html]
[www.framer.com/developers/fetch-examples.html]
[www.framer.com/developers/components-introduction.html]
[www.framer.com/developers/component-examples.html]
[www.framer.com/developers/component-sharing.html]
[www.framer.com/developers/auto-sizing.html]
[www.framer.com/developers/property-controls.html]
[www.framer.com/developers/components-reference.html]
[www.framer.com/developers/overrides-introduction.html]
[www.framer.com/developers/overrides-examples.html]
[www.framer.com/updates.html]
[www.framer.com/agents/index.html]
[www.framer.com/ai/index.html]
[www.framer.com/agents/external/index.html]
[www.framer.com/guides.html]
[www.framer.com/design/index.html]
[www.framer.com/collaborate/index.html]
[www.framer.com/cms/index.html]
[www.framer.com/newsletter.html]
[www.framer.com/seo/index.html]
[www.framer.com/creators.html]
[www.framer.com/convert/index.html]
[www.framer.com/hosting/index.html]
[www.framer.com/store.html]
[www.framer.com/publish/index.html]
[www.framer.com/legal/security.html]
[www.framer.com/legal/community-terms.html]
[www.framer.com/academy/index.html]
[www.framer.com/compare.html]
[www.framer.com/compare/framer-vs-wix.html]
[www.framer.com/downloads/index.html]
[www.framer.com/compare/framer-vs-webflow.html]
[www.framer.com/compare/framer-vs-squarespace.html]
[www.framer.com/blog/index.html]
[www.framer.com/compare/framer-vs-figma.html]
[www.framer.com/expert/apply/index.html]
[www.framer.com/education/students/index.html]
[www.framer.com/stories/index.html]
[www.framer.com/education/ambassadors/index.html]
[www.framer.com/compare/framer-vs-wordpress.html]
[www.framer.com/state-of-sites-2026/index.html]
[www.framer.com/help/index.html]
[www.framer.com/compare/framer-vs-ceros.html]
[www.framer.com/startups/index.html]
[www.framer.com/compare/framer-vs-unbounce.html]
[www.framer.com/compare/framer-vs-lovable.html]
[www.framer.com/switch/index.html]
[www.framer.com/careers/index.html]
[www.framer.com/compare/framer-vs-claude-code.html]
[www.framer.com/solutions/designers/index.html]
[www.framer.com/agencies/index.html]
[www.framer.com/solutions/agencies/index.html]
[www.framer.com/compare/framer-vs-chatgpt.html]
[www.framer.com/compare/framer-vs-codex.html]
[www.framer.com/compare/framer-vs-contentful.html]
[www.framer.com/compare/framer-vs-readymag.html]
[www.framer.com/compare/framer-vs-adobe-experience-manager.html]
[www.framer.com/compare/framer-vs-sanity.html]
[www.framer.com/solutions/marketers/index.html]
[www.framer.com/compare/framer-vs-replit.html]
[www.framer.com/aeo.html]
[www.framer.com/compare/framer-vs-v0.html]
[www.framer.com/shortcuts.html]
[www.framer.com/solutions/builders/index.html]
[www.framer.com/solutions/engineers/index.html]
[www.framer.com/solutions/site-teams/index.html]
[www.framer.com/solutions/growth/index.html]
[www.framer.com/solutions/ai-designer/index.html]
[www.framer.com/solutions/founders/index.html]
[www.framer.com/solutions/ai-website-builder/index.html]
[www.framer.com/solutions/website-builder/index.html]
[www.framer.com/solutions/ui-ux-design/index.html]
[www.framer.com/solutions/landing-pages/index.html]
[www.framer.com/solutions/portfolio-website/index.html]
[www.framer.com/solutions/no-code-website-builder/index.html]
[www.framer.com/contact/GET.d1.delayed]
[www.framer.com/meetups/index.html]
[www.framer.com/updates/community/index.html]
[www.framer.com/contact/POST.d2.delayed]
[www.framer.com/contact/index.html]
[www.framer.com/@wearestokt/index658d.html]
[www.framer.com/@wearestokt/indexa3d4.html]
[www.framer.com/@wearestokt/indexc07c.html]
[www.framer.com/solutions/figma-to-html/index.html]
[www.framer.com/creators-assets/_next/static/immutable/chunks/4090gr_o2xhsz.css]
[www.framer.com/creators-assets/_next/static/immutable/chunks/02ciyo_cdpkrz.js]
[www.framer.com/creators-assets/_next/static/immutable/chunks/2pkx-dk5j293b.js]
[www.framer.com/creators-assets/_next/static/immutable/chunks/2_qutx8yar-up.js]
[www.framer.com/canvasbench/index.html]
[www.framer.com/domains/index.html]
[www.framer.com/creators-assets/_next/static/immutable/chunks/0-hg6m03a-yoq.js]
[www.framer.com/community/posts/Qr9RqMycY4tgm6xLyuJDdq/index.html]
[www.framer.com/community/creator/@wearestokt/index.html]
[www.framer.com/community/creator/@alexherbigneaux/index.html]
[www.framer.com/community/posts/Jsh4RM7Urt4JDVS8K4m846/index.html]
[www.framer.com/community/posts/3dsVaSvjd6dUZ3ESV1e1fw/index.html]
[www.framer.com/community/posts/Jsh4RM7Urt4JDVS8K4m846/FramerElectron/index.html]
[www.framer.com/community/posts/3dsVaSvjd6dUZ3ESV1e1fw/FramerElectron/index.html]
[www.framer.com/community/posts/N8YeBfZdxq8wY3ykcVefQk/index.html]
[www.framer.com/community/posts/EgNQQJnn15wjGYix9SjDVo/index.html]
[www.framer.com/community/posts/Qr9RqMycY4tgm6xLyuJDdq/FramerElectron/index.html]
[www.framer.com/community/posts/NhiJ12J8iSruGQnEmv38zu/index.html]
[www.framer.com/community/posts/EgNQQJnn15wjGYix9SjDVo/FramerElectron/index.html]
[www.framer.com/community/posts/N8YeBfZdxq8wY3ykcVefQk/FramerElectron/index.html]
[www.framer.com/community/posts/NhiJ12J8iSruGQnEmv38zu/FramerElectron/index.html]
[www.framer.com/@alexherbigneaux/index.html]
[www.framer.com/creators-assets/_next/static/immutable/chunks/3ew_i8748ewj6.css]
[www.framer.com/community/gallery/broadway-venture-partners/index.html]
[www.framer.com/community/posts/6sMs5cXLX7ctYTsB3hQ5kZ/index.html]
[www.framer.com/community/posts/HFLYsuNYS97HuBkn52SfS2/index.html]
[www.framer.com/creators-assets/_next/static/immutable/chunks/2mf7pfutw76ll.js]
[www.framer.com/marketplace/templates/index.html]
[www.framer.com/community/posts/HFLYsuNYS97HuBkn52SfS2/FramerElectron/index.html]
[www.framer.com/marketplace/plugins/stream-bunny/index.html]
[www.framer.com/community/posts/6sMs5cXLX7ctYTsB3hQ5kZ/FramerElectron/index.html]
[www.framer.com/community/posts/8CksPnx1XRnr6d4oanMrMN/index.html]
[www.framer.com/community/gallery/major-media-agency/index.html]
[www.framer.com/marketplace/templates/FramerElectron/index.html]
[www.framer.com/community/posts/65fAgvdxgHobKWDimtgEKx/index.html]
[www.framer.com/creators-assets/_next/image/index3f6c.html]
[www.framer.com/marketplace/templates/majd/index.html]
[www.framer.com/community/gallery/lorikeet-cx/index.html]
[www.framer.com/marketplace/templates/mondragon/index.html]
[www.framer.com/community/posts/B5oQLpnZyyvVU9duKjezSg/index.html]
[www.framer.com/creators-assets/_next/image/index2b8b.html]
[www.framer.com/creators-assets/_next/image/indexbafe.html]
[www.framer.com/marketplace/templates/creatie/index.html]
[www.framer.com/marketplace/components/solari-board/index.html]
[www.framer.com/community/posts/NNx5Gw8JP2WCofreepevhS/index.html]
[www.framer.com/creators-assets/_next/image/index9f05.html]
[www.framer.com/community/gallery/kastle-ai/index.html]
[www.framer.com/marketplace/templates/dream-motion/index.html]
[www.framer.com/community/posts/MbR4Aj9sucdNLB4J1xZtW9/index.html]
[www.framer.com/creators-assets/_next/image/indexcff9.html]
[www.framer.com/marketplace/templates/fabrica/index.html]
[www.framer.com/community/gallery/we-scale-it/index.html]
[www.framer.com/community/posts/CfwmvMiTCXCCdSk3CsLTN4/index.html]
[www.framer.com/creators-assets/_next/image/indexf2e2.html]
[www.framer.com/marketplace/templates/spector/index.html]
[www.framer.com/community/gallery/st-kt-creative-co/index.html]
[www.framer.com/marketplace/templates/kirk/index.html]
[www.framer.com/community/posts/7X2EC1vQsZDMLsbhij4BTV/index.html]
[www.framer.com/marketplace/templates/fuel/index.html]
[www.framer.com/community/gallery/nomad-massotherapie/index.html]
[www.framer.com/creators-assets/_next/image/indexe65b.html]
[www.framer.com/community/posts/AP5C9KkXHKT9xsAj8XWp6k/index.html]
[www.framer.com/marketplace/templates/miles/index.html]
[www.framer.com/marketplace/templates/create/index.html]
[www.framer.com/community/gallery/agence-kimfu/index.html]
[www.framer.com/creators-assets/_next/image/indexe22c.html]
[www.framer.com/marketplace/templates/vertical/index.html]
[www.framer.com/community/posts/DM8Hec6bJhMyazVawXzPY7/index.html]
[www.framer.com/creators-assets/_next/image/index3416.html]
[www.framer.com/marketplace/templates/portavia/index.html]
[www.framer.com/community/gallery/jeremie-bouchard-director/index.html]
[www.framer.com/community/creator/@sattostudio/index.html]
[www.framer.com/creators-assets/_next/image/index7a32.html]
[www.framer.com/marketplace/templates/nudge/index.html]
[www.framer.com/community/creator/@tonik/index.html]
[www.framer.com/community/posts/TZEGnME2wymsoxqe9cW7Nm/index.html]
[www.framer.com/marketplace/templates/salix/index.html]
[www.framer.com/community/creator/@nicole-licyane/index.html]
[www.framer.com/creators-assets/_next/image/indexd1e4.html]
[www.framer.com/marketplace/templates/portfolite/index.html]
[www.framer.com/community/creator/@hello-emon-arefin/index.html]
[www.framer.com/marketplace/templates/makos/index.html]
[www.framer.com/community/creator/@lunixifystudio/index.html]
[www.framer.com/creators-assets/_next/image/index28c9.html]
[www.framer.com/community/creator/@balogun-ilias/index.html]
[www.framer.com/marketplace/templates/artemis/index.html]
[www.framer.com/community/creator/@jane-muthoni-muchiri/index.html]
[www.framer.com/marketplace/templates/platform/index.html]
[www.framer.com/creators-assets/_next/image/index5e42.html]
[www.framer.com/creators-assets/_next/image/index8678.html]
[www.framer.com/marketplace/templates/norell-website/index.html]
[www.framer.com/creators-assets/_next/static/immutable/chunks/1fl8h7iz046a6.css]
[www.framer.com/marketplace/templates/agentlab/index.html]
[www.framer.com/creators-assets/_next/static/immutable/chunks/1m6fx10rf0i8n.css]
[www.framer.com/marketplace/templates/launchnow/index.html]
[www.framer.com/marketplace/templates/taylor/index.html]
[www.framer.com/community/feed/FramerElectron/index.html]
[www.framer.com/creators-assets/_next/image/index827a.html]
[www.framer.com/creators-assets/_next/image/index05a7.html]
[www.framer.com/community/feed/index3f4f.html]
[www.framer.com/marketplace/templates/mike-bennet/index.html]
[www.framer.com/community/feed/indexb439.html]
[www.framer.com/community/creator/index.html]
[www.framer.com/creators-assets/_next/image/indexd21a.html]
[www.framer.com/marketplace/templates/spartans/index.html]
[www.framer.com/marketplace/templates/swag/index.html]
[www.framer.com/marketplace/templates/videofolio/index.html]
[www.framer.com/marketplace/templates/mondragon-2/index.html]
[www.framer.com/marketplace/templates/bartix/index.html]
[www.framer.com/marketplace/templates/mondragon-3/index.html]
[www.framer.com/marketplace/templates/porto/index.html]
[www.framer.com/marketplace/templates/mondragon-5/index.html]
[www.framer.com/marketplace/templates/mondragon-4/index.html]
[www.framer.com/marketplace/templates/tdmaxfolio/index.html]
[www.framer.com/marketplace/templates/mondragon-6/index.html]
[www.framer.com/community/creator/@daveomeizaozi/index.html]
[www.framer.com/marketplace/templates/mondragon-7/index.html]
[www.framer.com/community/creator/@flavio-noivo/index.html]
[www.framer.com/@elemis-themes/indexfd3e.html]
[www.framer.com/community/creator/@skriksi/index.html]
[www.framer.com/@rkoby/indexfd3e.html]
[www.framer.com/community/creator/@ahmed-khalil/index.html]
[www.framer.com/@tawfiqulemon/index.html]
[www.framer.com/community/creator/@byq-studio/index.html]
[www.framer.com/@sashamozdir/index29b3.html]
[www.framer.com/creators-assets/_next/static/immutable/chunks/0bfctp-1jdgft.css]
[www.framer.com/marketplace/plugins/stream-bunny/FramerElectron/index.html]
[www.framer.com/creators-assets/_next/static/immutable/chunks/3a1ggxpr-tm92.css]
[www.framer.com/@nframe/indexfd3e.html]
[www.framer.com/community/posts/8CksPnx1XRnr6d4oanMrMN/FramerElectron/index.html]
[www.framer.com/community/hype/FramerElectron/index.html]
[www.framer.com/community/gallery/major-media-agency/FramerElectron/index.html]
[www.framer.com/community/posts/LtsrggauqpNBEBUMKiWdv6/index.html]
[www.framer.com/community/posts/65fAgvdxgHobKWDimtgEKx/FramerElectron/index.html]
[www.framer.com/creators-assets/_next/static/immutable/chunks/1m44yci4pbljc.css]
[www.framer.com/community/gallery/lorikeet-cx/FramerElectron/index.html]
[www.framer.com/community/posts/B5oQLpnZyyvVU9duKjezSg/FramerElectron/index.html]
[www.framer.com/community/experts/FramerElectron/index.html]
[www.framer.com/marketplace/components/solari-board/FramerElectron/index.html]
[www.framer.com/creators-assets/_next/static/immutable/chunks/3utw_oo49_k6n.css]
[www.framer.com/community/posts/NNx5Gw8JP2WCofreepevhS/FramerElectron/index.html]
[www.framer.com/community/gallery/FramerElectron/index.html]
[www.framer.com/community/gallery/kastle-ai/FramerElectron/index.html]
[www.framer.com/community/gallery/kynejang-com/index.html]
[www.framer.com/community/posts/MbR4Aj9sucdNLB4J1xZtW9/FramerElectron/index.html]
[www.framer.com/community/gallery/we-scale-it/FramerElectron/index.html]
[www.framer.com/community/gallery/sandracreates-com/index.html]
[www.framer.com/community/posts/CfwmvMiTCXCCdSk3CsLTN4/FramerElectron/index.html]
[www.framer.com/community/gallery/midu-studio-website/index.html]
[www.framer.com/community/gallery/st-kt-creative-co/FramerElectron/index.html]
[www.framer.com/community/gallery/xhulia/index.html]
[www.framer.com/community/posts/7X2EC1vQsZDMLsbhij4BTV/FramerElectron/index.html]
[www.framer.com/community/gallery/karolina-hess-my-portfolio/index.html]
[www.framer.com/community/gallery/nomad-massotherapie/FramerElectron/index.html]
[www.framer.com/community/gallery/concept-artist/index.html]
[www.framer.com/community/posts/AP5C9KkXHKT9xsAj8XWp6k/FramerElectron/index.html]
[www.framer.com/community/gallery/b-d-new-link-below/index.html]
[www.framer.com/community/gallery/agence-kimfu/FramerElectron/index.html]
[www.framer.com/community/gallery/honeymoon-agency/index.html]
[www.framer.com/community/gallery/crazyui/index.html]
[www.framer.com/community/posts/DM8Hec6bJhMyazVawXzPY7/FramerElectron/index.html]
[www.framer.com/community/gallery/bychudy/index.html]
[www.framer.com/community/gallery/jeremie-bouchard-director/FramerElectron/index.html]
[www.framer.com/community/gallery/rabenrifaie/index.html]
[www.framer.com/@sattostudio/index.html]
[www.framer.com/community/gallery/zapconnect-2026/index.html]
[www.framer.com/@tonik/index.html]
[www.framer.com/community/gallery/framer-shortcuts/index.html]
[www.framer.com/creators-assets/_next/image/indexecfc.html]
[www.framer.com/community/posts/TZEGnME2wymsoxqe9cW7Nm/FramerElectron/index.html]
[www.framer.com/shortcuts/index.html]
[www.framer.com/@nicole-licyane/index.html]
[www.framer.com/community/gallery/robin-louw/index.html]
[www.framer.com/community/gallery/metasense/index.html]
[www.framer.com/@hello-emon-arefin/index.html]
[www.framer.com/community/gallery/teona-kokhodze/index.html]
[www.framer.com/community/gallery/heretic/index.html]
[www.framer.com/community/gallery/sarah-zaheer/index.html]
[www.framer.com/@lunixifystudio/index.html]
[www.framer.com/creators-assets/_next/image/indexdfdb.html]
[www.framer.com/community/gallery/matthew-encina/index.html]
[www.framer.com/@balogun-ilias/index.html]
[www.framer.com/community/gallery/newgenre-studio/index.html]
[www.framer.com/@jane-muthoni-muchiri/index.html]
[www.framer.com/community/gallery/resolve-healthware/index.html]
[www.framer.com/creators-assets/_next/image/indexf153.html]
[www.framer.com/marketplace/templates/impact-flow/index.html]
[www.framer.com/community/gallery/pinboard/index.html]
[www.framer.com/creators-assets/_next/image/index9223.html]
[www.framer.com/community/gallery/luxury-clone/index.html]
[www.framer.com/marketplace/templates/flexio/index.html]
[www.framer.com/community/gallery/adam-jakubowski/index.html]
[www.framer.com/marketplace/templates/thundor/index.html]
[www.framer.com/creators-assets/_next/image/indexc003.html]
[www.framer.com/marketplace/components/index.html]
[www.framer.com/marketplace/plugins/index.html]
[www.framer.com/creators-assets/_next/image/indexdd7a.html]
[www.framer.com/marketplace/templates/swissbrut/index.html]
[www.framer.com/marketplace/vectors/index.html]
[www.framer.com/creators-assets/_next/image/indexbbab.html]
[www.framer.com/community/marketplace/templates/kyne/index.html]
[www.framer.com/creators-assets/_next/image/indexfb72.html]
[www.framer.com/marketplace/templates/alex-kabiru/index.html]
[www.framer.com/marketplace/templates/constantine/index.html]
[www.framer.com/marketplace/templates/ordina/index.html]
[www.framer.com/performance/e.db.delayed]
[www.framer.com/creators-assets/_next/image/indexb6ff.html]
[www.framer.com/creators-assets/_next/image/index57e8.html]
[www.framer.com/marketplace/templates/whitman/index.html]
[www.framer.com/marketplace/templates/bungee/index.html]
[www.framer.com/performance/o.dc.delayed]
[www.framer.com/marketplace/templates/nocturna/index.html]
[www.framer.com/marketplace/templates/swag/FramerElectron/index.html]
[www.framer.com/creators-assets/_next/image/indexddc5.html]
[www.framer.com/community/creator/FramerElectron/index.html]
[www.framer.com/performance/checkoutUrl.dd.delayed]
[www.framer.com/marketplace/templates/videofolio/FramerElectron/index.html]
[www.framer.com/marketplace/templates/tdmaxfolio/FramerElectron/index.html]
[www.framer.com/marketplace/templates/bartix/FramerElectron/index.html]
[www.framer.com/marketplace/templates/porto/FramerElectron/index.html]
[www.framer.com/performance/com.de.delayed]
[www.framer.com/@flavio-noivo/index.html]
[www.framer.com/@skriksi/index.html]
[www.framer.com/@daveomeizaozi/index.html]
[www.framer.com/@ahmed-khalil/index.html]
[www.framer.com/performance/url1.df.delayed]
[www.framer.com/community/posts/LtsrggauqpNBEBUMKiWdv6/FramerElectron/index.html]
[www.framer.com/@byq-studio/index.html]
[www.framer.com/creators-assets/_next/image/index3c38.html]
[www.framer.com/performance/url2.e0.delayed]
[www.framer.com/creators-assets/_next/image/index29b3.html]
[www.framer.com/creators-assets/_next/image/index37b1.html]
[www.framer.com/performance/storeDomain.e1.delayed]
[www.framer.com/creators-assets/_next/image/index740e.html]
[www.framer.com/community/gallery/FramerElectron/FramerElectron/index.html]
[www.framer.com/community/gallery/kynejang-com/FramerElectron/index.html]
[www.framer.com/marketplace/templates/solmira/index.html]
[www.framer.com/dictionary/core-web-vitals.html]
[www.framer.com/community/gallery/sandracreates-com/FramerElectron/index.html]
[www.framer.com/community/gallery/midu-studio-website/FramerElectron/index.html]
[www.framer.com/dictionary/static-generation.html]
[www.framer.com/community/gallery/xhulia/FramerElectron/index.html]
[www.framer.com/community/gallery/karolina-hess-my-portfolio/FramerElectron/index.html]
[www.framer.com/community/gallery/concept-artist/FramerElectron/index.html]
[www.framer.com/dictionary/global-cdn.html]
[www.framer.com/community/gallery/b-d-new-link-below/FramerElectron/index.html]
[www.framer.com/community/gallery/honeymoon-agency/FramerElectron/index.html]
[www.framer.com/dictionary/edge-caching.html]
[www.framer.com/community/gallery/crazyui/FramerElectron/index.html]
[www.framer.com/community/gallery/bychudy/FramerElectron/index.html]
[www.framer.com/community/gallery/rabenrifaie/FramerElectron/index.html]
[www.framer.com/community/gallery/zapconnect-2026/FramerElectron/index.html]
[www.framer.com/community/gallery/robin-louw/FramerElectron/index.html]
[www.framer.com/community/gallery/framer-shortcuts/FramerElectron/index.html]
[www.framer.com/dictionary/image-optimization.html]
[www.framer.com/community/gallery/teona-kokhodze/FramerElectron/index.html]
[www.framer.com/community/gallery/heretic/FramerElectron/index.html]
[www.framer.com/community/gallery/metasense/FramerElectron/index.html]
[www.framer.com/dictionary/instant-navigation.html]
[www.framer.com/community/gallery/sarah-zaheer/FramerElectron/index.html]
[www.framer.com/community/gallery/matthew-encina/FramerElectron/index.html]
[www.framer.com/community/gallery/newgenre-studio/FramerElectron/index.html]
[www.framer.com/dictionary/route-prefetching.html]
[www.framer.com/community/gallery/resolve-healthware/FramerElectron/index.html]
[www.framer.com/community/gallery/pinboard/FramerElectron/index.html]
[www.framer.com/community/gallery/luxury-clone/FramerElectron/index.html]
[www.framer.com/community/gallery/adam-jakubowski/FramerElectron/index.html]
[www.framer.com/marketplace/components/FramerElectron/index.html]
[www.framer.com/marketplace/components/reveal-text/index.html]
[www.framer.com/creators-assets/_next/image/indexec6c.html]
[www.framer.com/dictionary/lazy-loading.html]
[www.framer.com/creators-assets/_next/image/index4e4c.html]
[www.framer.com/creators-assets/_next/image/index0221.html]
[www.framer.com/dictionary/code-splitting.html]
[www.framer.com/marketplace/components/confidential-folder/index.html]
[www.framer.com/marketplace/components/interactivebook/index.html]
[www.framer.com/marketplace/components/instagram-carousel/index.html]
[www.framer.com/creators-assets/_next/image/index6559.html]
[www.framer.com/dictionary/responsive-images.html]
[www.framer.com/marketplace/components/stacked-flow/index.html]
[www.framer.com/creators-assets/_next/image/index637a.html]
[www.framer.com/marketplace/components/premium-pixel-hero/index.html]
[www.framer.com/creators-assets/_next/image/indexa413.html]
[www.framer.com/dictionary/brotli-compression.html]
[www.framer.com/marketplace/components/swtich-on-hover-tabs/index.html]
[www.framer.com/creators-assets/_next/image/index943c.html]
[www.framer.com/dictionary/font-subsetting.html]
[www.framer.com/marketplace/components/text-reveal/index.html]
[www.framer.com/creators-assets/_next/image/index59f1.html]
[www.framer.com/dictionary/resource-culling.html]
[www.framer.com/marketplace/components/focus-slice-carousel/index.html]
[www.framer.com/creators-assets/_next/image/index5f6b.html]
[www.framer.com/dictionary/svg-optimization.html]
[www.framer.com/creators-assets/_next/image/index3162.html]
[www.framer.com/marketplace/components/line-menu-toc/index.html]
[www.framer.com/dictionary/seo-ready.html]
[www.framer.com/marketplace/components/focus-gallery/index.html]
[www.framer.com/creators-assets/_next/image/index1eef.html]
[www.framer.com/marketplace/components/lenis/index.html]
[www.framer.com/creators-assets/_next/image/index3984.html]
[updates.framer.com/electron/darwin/arm64/Framer.f1170c.delayed]
[www.framer.com/creators-assets/_next/image/index9d4c.html]
[www.framer.com/marketplace/components/grainy-carousel/index.html]
[www.framer.com/marketplace/components/team-member-carousel/index.html]
[www.framer.com/creators-assets/_next/image/indexd3b0.html]
[www.framer.com/performance/GET.f2.delayed]
[www.framer.com/creators-assets/_next/image/index4dda.html]
[www.framer.com/marketplace/components/scroll-zoom-reveal/index.html]
[www.framer.com/performance/POST.f3.delayed]
[www.framer.com/creators-assets/_next/image/index8f7d.html]
[www.framer.com/performance/index.html]
[www.framer.com/creators/svg/spinner.svg]
[www.framer.com/marketplace/components/floating-pill-nav/index.html]
[www.framer.com/creators-assets/_next/image/index6cf6.html]
[www.framer.com/marketplace/components/interactive-pattern/index.html]
[www.framer.com/creators-assets/_next/image/indexbaa6.html]
[www.framer.com/marketplace/components/spiral-3d-slider/index.html]
[www.framer.com/creators-assets/_next/image/index05ce.html]
[www.framer.com/marketplace/components/video-slide-show/index.html]
[www.framer.com/contact/e.html]
[www.framer.com/creators-assets/_next/image/index905e.html]
[www.framer.com/marketplace/components/lifted-carousel/index.html]
[www.framer.com/contact/o.html]
[www.framer.com/marketplace/components/eye-follow-button/index.html]
[www.framer.com/creators-assets/_next/image/index532b.html]
[www.framer.com/creators-assets/_next/image/indexf01e.html]
[www.framer.com/marketplace/components/revealtextonscroll/index.html]
[www.framer.com/creators-assets/_next/image/indexd225.html]
[www.framer.com/marketplace/components/physics-sticker-wall/index.html]
